{
    "purpose": "プロダクトのデザインを決める",
    "agenda": [
        "参加者からデザインのアイデアを募る",
        "参加者同士でデザインのアイデアを評価",
        "最も評価のよいものに決定"
    ],
    "participants": [
        "A",
        "B",
        "C"
    ],
    "comment_history": [
        {
            "speaker": "A",
            "message": "うーん、なんというか…もっと、こう…驚きが欲しいんです。でも派手すぎると違うし、シンプルだけど印象的な何かを…。",
            "speak_at": "2025-01-26 10:00:00"
        },
        {
            "speaker": "C",
            "message": "驚きや印象的というのは分かりますが、それだけだと曖昧です。どこを具体的に変えるべきなのか、はっきりさせる必要がありますよね。",
            "speak_at": "2025-01-26 10:01:00"
        },
        {
            "speaker": "A",
            "message": "そうなんですけど…なんていうか、使っていると『おっ！』てなるような…その…感覚的な部分で…。",
            "speak_at": "2025-01-26 10:02:00"
        },
        {
            "speaker": "B",
            "message": "感覚的って、エスパーって感じっすね。エスパー伊藤とかなつかしー",
            "speak_at": "2025-01-26 10:03:00"
        },
        {
            "speaker": "AIファシリテータ",
            "message": "Aさんが言いたいのは、ユーザーに小さな驚きや喜びを与える仕掛けが欲しい、ということですよね？たとえば、使うときに画面が滑らかに変わるアニメーションや、操作中に直感的なフィードバックを返す仕掛けとか。",
            "speak_at": "2025-01-26 10:05:00"
        },
        {
            "speaker": "A",
            "message": "あ、それです！そういう細かい部分が大事なんです！",
            "speak_at": "2025-01-26 10:06:00"
        },
        {
            "speaker": "AIファシリテータ",
            "message": "Cさん、驚きを与えるというのは、派手なデザインではなく、さりげなくユーザー体験を良くする工夫ということだと思います。たとえば、ボタンのクリックで微妙に変化するエフェクトを入れるとか、商品を使い始める際の簡単なチュートリアルを付ける、といった方向です。どう思いますか？",
            "speak_at": "2025-01-26 10:07:00"
        },
        {
            "speaker": "C",
            "message": "なるほど、それなら具体的に検討できそうですね。UX改善として、どの部分にそれを入れるか考えてみましょう。",
            "speak_at": "2025-01-26 10:08:00"
        }
    ]
}